// Jest Snapshot v1, https://goo.gl/fbAQLP

exports[`StyledIconWrapper should have correct default styles 1`] = `
<DocumentFragment>
  .c0 {
  display: -webkit-box;
  display: -webkit-flex;
  display: -ms-flexbox;
  display: flex;
  padding: 3px;
  -webkit-align-items: center;
  -webkit-box-align: center;
  -ms-flex-align: center;
  align-items: center;
  cursor: pointer;
}

.c0:hover {
  background: #b5b5b5;
  border-radius: 2px;
}

<i
    class="c0"
  />
</DocumentFragment>
`;
